// Vitest Snapshot v1, https://vitest.dev/guide/snapshot.html

exports[`public API contract > matches the registered tool, prompt, and resource surface with every tool enabled 1`] = `
{
  "prompts": [
    "web_search_help",
    "agent_research_help",
  ],
  "resources": [
    {
      "name": "tools_list",
      "uri": "exa://tools/list",
    },
    {
      "name": "agent_research_guide",
      "uri": "exa://agent/skill",
    },
    {
      "name": "agent_schema_templates",
      "uri": "exa://agent/schema-templates",
    },
  ],
  "tools": [
    {
      "annotations": {
        "destructiveHint": false,
        "idempotentHint": true,
        "openWorldHint": false,
        "readOnlyHint": true,
      },
      "description": "Search the web for any topic and get clean, ready-to-use content.

      Best for: Finding current information, news, facts, people, companies, or answering questions about any topic.
      Returns: Clean text content from top search results.

      Query tips:
      describe the ideal page, not keywords. "blog post comparing React and Vue performance" not "React vs Vue".
      Use category:people / category:company to search through Linkedin profiles / companies respectively.
      If highlights are insufficient, follow up with web_fetch_exa on the best URLs.",
      "name": "web_search_exa",
      "params": [
        "numResults: ZodNumber",
        "query: ZodString",
      ],
    },
    {
      "annotations": {
        "destructiveHint": false,
        "idempotentHint": true,
        "openWorldHint": false,
        "readOnlyHint": true,
      },
      "description": "Advanced web search with full control over filters, domains, dates, and content options.

Best for: When you need specific filters like date ranges, domain restrictions, or category filters.
Not recommended for: Simple searches - use web_search_exa instead.
Returns: Search results with optional highlights, summaries, and subpage content.",
      "name": "web_search_advanced_exa",
      "params": [
        "additionalQueries: ZodArray",
        "category: enum(company|publication|news|pdf|github|personal site|people|financial report)",
        "contextMaxCharacters: ZodNumber",
        "enableHighlights: ZodBoolean",
        "enableSummary: ZodBoolean",
        "endCrawlDate: ZodString",
        "endPublishedDate: ZodString",
        "excludeDomains: ZodArray",
        "excludeText: ZodArray",
        "highlightsMaxCharacters: ZodNumber",
        "highlightsNumSentences: ZodNumber",
        "highlightsPerUrl: ZodNumber",
        "highlightsQuery: ZodString",
        "includeDomains: ZodArray",
        "includeText: ZodArray",
        "livecrawlTimeout: ZodNumber",
        "maxAgeHours: ZodNumber",
        "moderation: ZodBoolean",
        "numResults: ZodNumber",
        "query: ZodString",
        "startCrawlDate: ZodString",
        "startPublishedDate: ZodString",
        "subpageTarget: ZodArray",
        "subpages: ZodNumber",
        "summaryQuery: ZodString",
        "textMaxCharacters: ZodNumber",
        "type: enum(auto|fast|instant)",
        "userLocation: ZodString",
      ],
    },
    {
      "annotations": {
        "destructiveHint": false,
        "idempotentHint": true,
        "readOnlyHint": true,
      },
      "description": "[Deprecated: Use web_search_advanced_exa instead] Research any company to get business information, news, and insights.

Best for: Learning about a company's products, services, recent news, or industry position.
Returns: Company information from trusted business sources.",
      "name": "company_research_exa",
      "params": [
        "companyName: ZodString",
        "numResults: ZodNumber",
      ],
    },
    {
      "annotations": {
        "destructiveHint": false,
        "idempotentHint": true,
        "openWorldHint": false,
        "readOnlyHint": true,
      },
      "description": "Read a webpage's full content as clean markdown. Use after web_search_exa when highlights are insufficient or to read any URL.

Best for: Extracting full content from known URLs. Batch multiple URLs in one call.
Returns: Clean text content and metadata from the page(s).",
      "name": "web_fetch_exa",
      "params": [
        "maxCharacters: ZodNumber",
        "urls: ZodArray",
      ],
    },
    {
      "annotations": {
        "destructiveHint": false,
        "idempotentHint": true,
        "openWorldHint": false,
        "readOnlyHint": true,
      },
      "description": "Read a webpage's full content as clean markdown. Use after web_search_exa when highlights are insufficient or to read any URL.

Best for: Extracting full content from known URLs. Batch multiple URLs in one call.
Returns: Clean text content and metadata from the page(s).",
      "name": "crawling_exa",
      "params": [
        "maxCharacters: ZodNumber",
        "urls: ZodArray",
      ],
    },
    {
      "annotations": {
        "destructiveHint": false,
        "idempotentHint": true,
        "readOnlyHint": true,
      },
      "description": "[Deprecated: Use web_search_advanced_exa instead] Find people and their professional profiles.

Best for: Finding professionals, executives, or anyone with a public profile.
Returns: Profile information and links.",
      "name": "people_search_exa",
      "params": [
        "numResults: ZodNumber",
        "query: ZodString",
      ],
    },
    {
      "annotations": {
        "destructiveHint": false,
        "idempotentHint": true,
        "readOnlyHint": true,
      },
      "description": "⚠️ DEPRECATED: This tool is deprecated. Please use 'people_search_exa' instead. This tool will be removed in a future version. For now, it searches for people on LinkedIn using Exa AI - finds professional profiles and people.",
      "name": "linkedin_search_exa",
      "params": [
        "numResults: ZodNumber",
        "query: ZodString",
      ],
    },
    {
      "annotations": {
        "destructiveHint": false,
        "idempotentHint": false,
        "readOnlyHint": false,
      },
      "description": "[Deprecated] Start an AI research agent that searches, reads, and writes a detailed report. Takes 15 seconds to 2 minutes.

Best for: Complex research questions needing deep analysis and synthesis.
Returns: Research ID - use deep_researcher_check to get results.
Important: Call deep_researcher_check with the returned research ID to get the report.",
      "name": "deep_researcher_start",
      "params": [
        "instructions: ZodString",
        "model: enum(exa-research-fast|exa-research|exa-research-pro)",
        "outputSchema: ZodRecord",
      ],
    },
    {
      "annotations": {
        "destructiveHint": false,
        "idempotentHint": true,
        "readOnlyHint": true,
      },
      "description": "[Deprecated] Check status and get results from a deep research task.

Best for: Getting the research report after calling deep_researcher_start.
Returns: Research report when complete, or status update if still running.
Important: Keep calling with the same research ID until status is 'completed'.",
      "name": "deep_researcher_check",
      "params": [
        "researchId: ZodString",
      ],
    },
    {
      "annotations": {
        "destructiveHint": false,
        "idempotentHint": true,
        "readOnlyHint": true,
      },
      "description": "Find code examples, documentation, and programming solutions. 

Best for: Any programming question - API usage, library examples, code snippets, debugging help.
Returns: Relevant code and documentation.

Query tips: describe what you're looking for specifically. "Python requests library POST with JSON body" not "python http".
If highlights are insufficient, follow up with web_fetch_exa on the best URLs.",
      "name": "get_code_context_exa",
      "params": [
        "numResults: ZodNumber",
        "query: ZodString",
      ],
    },
    {
      "annotations": {
        "destructiveHint": false,
        "idempotentHint": false,
        "readOnlyHint": true,
      },
      "description": "[Deprecated: Use web_search_advanced_exa instead] Deep search with automatic query expansion for thorough research. Generates multiple search variations to find results from multiple angles, then synthesizes a short answer with citations.

Best for: Complex questions needing information from multiple angles.
Returns: A synthesized answer with citations, plus individual search results with highlights. When structuredOutput is enabled, returns structured JSON instead of markdown.
Note: Requires an Exa API key. 'deep' mode takes 4-12s, 'deep-reasoning' takes 12-50s.",
      "name": "deep_search_exa",
      "params": [
        "highlightMaxCharacters: ZodNumber",
        "numResults: ZodNumber",
        "objective: ZodString",
        "outputSchema: ZodRecord",
        "search_queries: ZodArray",
        "structuredOutput: ZodBoolean",
        "systemPrompt: ZodString",
        "type: enum(deep|deep-reasoning)",
      ],
    },
    {
      "annotations": {
        "destructiveHint": false,
        "idempotentHint": false,
        "readOnlyHint": true,
      },
      "description": "Run an Exa Agent with live progress. New runs always stream. If a run outlives one call window, the tool returns its ID; call agent_run again with runId to keep waiting. Effort defaults to low.",
      "name": "agent_run",
      "params": [
        "dataSources: ZodArray",
        "effort: enum(minimal|low|medium|high|xhigh|auto)",
        "input: ZodObject",
        "outputSchema: ZodRecord",
        "previousRunId: ZodString",
        "query: ZodString",
        "runId: ZodString",
        "systemPrompt: ZodString",
      ],
    },
  ],
}
`;
